Computed:   3.4028235E+38   7F7FFFFF
Expected:   3.4028235E+38   7F7FFFFF
