Computed:   1.797693134862316E+0308  7FEFFFFF FFFFFFFF
Expected:   1.797693134862316E+0308  7FEFFFFF FFFFFFFF
