### Numerical evaluation of log(x)
###
### x = f * 2^p
###
### Line format: 2 f p neval result relerr abserr
###
2                    0.     0 0 -Infinity                                                 0 0
2                    1.     0 0  0.00000000000000000000000000000000000000000000000000e+00 0 0
2                   -1.     0 0 NaN                                                       0 0
2                    2.     0 0  6.93147180559945309417232121458176568075500134360260e-01 0 0
2                   -2.     0 0 NaN                                                       0 0
2                    3.     0 0  1.09861228866810969139524523692252570464749055782270e+00 0 0
2                   -3.     0 0 NaN                                                       0 0
2                    4.     0 0  1.38629436111989061883446424291635313615100026872050e+00 0 0
2                   -4.     0 0 NaN                                                       0 0
2                   Inf     0 0 Infinity                                                  0 0
2                   NaN     0 0 NaN                                                       0 0
