func		func		float 
func		a		float& 
func		k		float 
func		i		int 
func		j		int 
main		b		float 
main		c		float 
main		d		double 
