### Numerical evaluation of cos(x)
###
### x = f * 2^p
###
### Line format: 2 f p neval result relerr abserr
###
2                    0.     0 0   1.0000000000000000000000000000000000000000000000000e+00 0 0
2                    1.     0 0   5.4030230586813971740093660744297660373231042061792e-01 0 0
2                   -1.     0 0   5.4030230586813971740093660744297660373231042061792e-01 0 0
2                    2.     0 0  -4.1614683654714238699756822950076218976600077107554e-01 0 0
2                   -2.     0 0  -4.1614683654714238699756822950076218976600077107554e-01 0 0
2                    3.     0 0  -9.8999249660044545727157279473126130239367909661559e-01 0 0
2                   -3.     0 0  -9.8999249660044545727157279473126130239367909661559e-01 0 0
2                    4.     0 0  -6.5364362086361191463916818309775038142413359664622e-01 0 0
2                   -4.     0 0  -6.5364362086361191463916818309775038142413359664622e-01 0 0
2              Infinity     0 0  NaN                                                      0 0
2                   NaN     0 0  NaN                                                      0 0
