acos( Infinity ) = NaN
asin( Infinity ) = NaN
atan( Infinity ) = 1.570796370506287E+0000
cos( Infinity ) = NaN
cosh( Infinity ) = Infinity
exp( Infinity ) = Infinity
alog( Infinity ) = Infinity
alog10( Infinity ) = Infinity
sin( Infinity ) = NaN
sinh( Infinity ) = Infinity
sqrt( Infinity ) = Infinity
tan( Infinity ) = NaN
tanh( Infinity ) = 1.000000000000000E+0000
acos( NaN ) = NaN
asin( NaN ) = NaN
atan( NaN ) = NaN
cos( NaN ) = NaN
cosh( NaN ) = NaN
exp( NaN ) = NaN
alog( NaN ) = NaN
alog10( NaN ) = NaN
sin( NaN ) = NaN
sinh( NaN ) = NaN
sqrt( NaN ) = NaN
tan( NaN ) = NaN
tanh( NaN ) = NaN
