### Numerical evaluation of exp(x)
###
### x = f * 2^p
###
### Line format: 2 f p neval result relerr abserr
###
2                    0.     0 0   1.0000000000000000000000000000000000000000000000000e+00 0 0
2                    1.     0 0   2.7182818284590452353602874713526624977572470937000e+00 0 0
2                   -1.     0 0   3.6787944117144232159552377016146086744581113103177e-01 0 0
2                    2.     0 0   7.3890560989306502272304274605750078131803155705518e+00 0 0
2                   -2.     0 0   1.3533528323661269189399949497248440340763154590958e-01 0 0
2                    3.     0 0   2.0085536923187667740928529654581717896987907838554e+01 0 0
2                   -3.     0 0   4.9787068367863942979342415650061776631699592188423e-02 0 0
2                    4.     0 0   5.4598150033144239078110261202860878402790737038614e+01 0 0
2                   -4.     0 0   1.8315638888734180293718021273241242211912067553476e-02 0 0
2 Inf                       0 0 Infinity                   0 0
2 NaN                       0 0 NaN                        0 0
