### Numerical evaluation of psi(x)
###
### where psi(x) (also called the digamma function)
### is the derivative of ln(Gamma(x)) with respect to x
###
### x = f * 2^p
###
### Line format: 2 f p neval result relerr abserr
###
2 1.0   -1030 0 Infinity 0 0
