### Numerical evaluation of tan(x)
###
### x = f * 2^p
###
### Line format: 2 f p neval result relerr abserr
###
2                    0.     0 0   0.0000000000000000000000000000000000000000000000000e-01 0 0
2                    1.     0 0   1.5574077246549022305069748074583601730872507723815e+00 0 0
2                   -1.     0 0  -1.5574077246549022305069748074583601730872507723815e+00 0 0
2                    2.     0 0  -2.1850398632615189916433061023136825434320177462277e+00 0 0
2                   -2.     0 0   2.1850398632615189916433061023136825434320177462277e+00 0 0
2                    3.     0 0  -1.4254654307427780529563541053391349322609228490180e-01 0 0
2                   -3.     0 0   1.4254654307427780529563541053391349322609228490180e-01 0 0
2                    4.     0 0   1.1578212823495775831373424182673239231197627673671e+00 0 0
2                   -4.     0 0  -1.1578212823495775831373424182673239231197627673671e+00 0 0
2 Inf                       0 0 NaN                                                       0 0
2 NaN                       0 0 NaN                                                       0 0
