  Test integral: int(sin(sigma*x) * x^alpha * exp(-x) * ln(x), x = 0..infinity)

  1 ulp =   2.22E-16

  Floating-point precision appears to be (1 - log2(ulp) =) 53 bits

   nquad     sigma     alpha     Quadrature Result        Exact Integral     Rel. Error RelE (ULPs)  Err (bits)
      25   -1.0000    1.0000  -3.810537240924639E-02  -3.810537240924730E-02   2.40E-14      108.25      6.76
      25    1.0000    0.0000  -6.919554589202845E-02  -6.919554589202855E-02   1.40E-15        6.32      2.66

  Maximum relative error =   2.40E-14   1.08E+02 ulps       6.76 bits at nquad =   25 sigma =   -1.0000 alpha =    1.0000
  Minimum relative error =   1.40E-15   6.32E+00 ulps       2.66 bits at nquad =   25 sigma =    1.0000 alpha =    0.0000
  Average relative error =   1.27E-14   5.73E+01 ulps       5.84 bits

  Done
