  Test integral: int(x^p * x^alpha * exp(-x), x = 0..infinity)

  1 ulp =   1.93E-34

  Floating-point precision appears to be (1 - log2(ulp) =) 113 bits

  alpha =  -2.0000000000000000  nquad =      1

  alpha =   1.0000000000000000  nquad =  32767

  Done
