  Test integral: int(x^p * exp(-mu*x) * ln(x), x = 0..infinity)

  1 ulp =   1.93E-34

  Floating-point precision appears to be (1 - log2(ulp) =) 113 bits

  nquad =      0  mu =   1.000000  pmax =      1

      p     Quadrature Result       Exact Integral      Rel. Error RelE (ULPs)  Err (bits)

  nquad =      1  mu =   1.000000  pmax =     -1

      p     Quadrature Result       Exact Integral      Rel. Error RelE (ULPs)  Err (bits)

  nquad =  32767  mu =   1.000000  pmax =      1

      p     Quadrature Result       Exact Integral      Rel. Error RelE (ULPs)  Err (bits)

  Done
