  Test integral: int(x^p * x^alpha * exp(-x) * ln(x), x = 0..infinity)

  1 ulp =   1.93e-34

  Floating-point precision appears to be (1 - log2(ulp) =) 113 bits

  alpha =   1.000000  nquad =      0

  alpha =   1.000000  nquad =  32767

  Done
