  Test integral: int(x^p * x^alpha * exp(-x) * ln(x), x = 0..infinity)

  1 ulp =   2.22E-16

  Floating-point precision appears to be (1 - log2(ulp) =) 53 bits

  alpha =  -2.000000  nquad =      1

  alpha =   0.000000  nquad =  32767

  alpha =  -1.000000  nquad =     10

     i      x(i)                 w(i)                     wxm1(i)                  y(i)                     z(i)
     1    0.000000000500000    1.999999991593103E+08   -1.999999990593103E+08    4.468401032388988E-18    4.000000028619769E+16
     2    0.368178454649807    1.165803451727500E+00   -7.365797384450583E-01    2.274901021502373E-01    1.083979200846406E+00
     3    1.243357964907549    2.630003981032230E-01    6.400324165227557E-02    1.941404504039751E+00    2.878452595213906E-02
     4    2.646033845137512    4.498788897375017E-02    7.405158787208148E-02    3.574774395966189E+00    1.926769258267275E-02
     5    4.616882519318724    4.868523521359539E-03    1.760887761929735E-02    5.747099927406884E+00    4.109530008635803E-03
     6    7.221786544969493    2.986842390247124E-04    1.858349579558407E-03    8.539718593517071E+00    3.873727665858051E-04
     7   10.567320814177828    9.177826285210220E-06    8.780720844740011E-05    1.206483048660135E+01    1.614278054128041E-05
     8   14.835914522551635    1.172180850803202E-07    1.621819405668495E-06    1.650958282168616E+01    2.601873261432515E-07
     9   20.382181993614193    4.413607129802465E-10    8.554533663814454E-09    2.223478183258189E+01    1.183574057456875E-09
    10   28.118343390173287    2.092389564246636E-13    5.674213870925532E-12    3.016606180480522E+01    6.627155479329645E-13

      p     Quadrature Result       Exact Integral      Rel. Error RelE (ULPs)  Err (bits)
      0  -4.000000048619769E+16  -4.000000048619769E+16   0.00E+00        0.00      0.00
      1  -5.772156550109724E-01  -5.772156550109730E-01   1.15E-15        5.20      2.38
      2   4.227843392168702E-01   4.227843392168705E-01   7.88E-16        3.55      1.83
      3   1.845568682661584E+00   1.845568682661584E+00   2.41E-16        1.08      0.12
      4   7.536706066440438E+00   7.536706066440445E+00   9.43E-16        4.25      2.09
      5   3.614682434112883E+01   3.614682434112884E+01   3.93E-16        1.77      0.82
      6   2.047341220671127E+02   2.047341220671125E+02  -1.11E-15       -5.00      2.32
      7   1.348404734450019E+03   1.348404734450016E+03  -2.02E-15       -9.11      3.19
      8   1.015883315463419E+04   1.015883315463416E+04  -2.51E-15      -11.29      3.50
      9   8.631066533866174E+04   8.631066533866165E+04  -1.01E-15       -4.56      2.19
     10   8.171159889110608E+05   8.171159889110615E+05   8.55E-16        3.85      1.94

  Maximum relative error =  -2.51E-15     -11.29 ulps       3.50 bits at nquad =   10
  Minimum relative error =   0.00E+00       0.00 ulps       0.00 bits at nquad =   10
  Average relative error =   1.00E-15       4.51 ulps       2.17 bits

  Done
