  Test integral: int(x^p * x^alpha * exp(-x) * ln(x), x = 0..infinity)

  1 ulp =   2.22E-16

  Floating-point precision appears to be (1 - log2(ulp) =) 53 bits

  alpha =  -2.000000  nquad =      1

  alpha =   0.000000  nquad =  32767

  alpha =  -1.000000  nquad =     10

     i      x(i)                 w(i)                   deltaw(i)                  deltax(i)
     1    0.000000000500000    1.999999991593103E+08   -4.000000048619769E+16    2.000000000593096E+07
     2    0.368178454649807    1.165803451727500E+00   -2.230357403495879E+00    3.982537082129926E-01
     3    1.243357964907549    2.630003981032230E-01   -1.580265139148330E-01    1.455478997508723E-01
     4    2.646033845137512    4.498788897375017E-02    2.366751262004380E-03    3.377062955120564E-02
     5    4.616882519318724    4.868523521359539E-03    2.287687765649366E-03    4.560504053281366E-03
     6    7.221786544969493    2.986842390247124E-04    2.291951755291582E-04    3.329083951473571E-04
     7   10.567320814177828    9.177826285210220E-06    9.124404644463618E-06    1.181362213734585E-05
     8   14.835914522551635    1.172180850803202E-07    1.378729740756979E-07    1.709204424233482E-07
     9   20.382181993614193    4.413607129802465E-10    5.868654811288987E-10    7.207358454770966E-10
    10   28.118343390173287    2.092389564246636E-13    3.073384119674734E-13    3.817940254716610E-13

      p     Quadrature Result       Exact Integral      Rel. Error RelE (ULPs)  Err (bits)
      0  -4.000000048619769E+16  -4.000000048619769E+16   0.00E+00        0.00      0.00
      1  -5.772156861565561E-01  -5.772156550109730E-01  -5.40E-08   -2.43E+08     27.86
      2   4.227843392168708E-01   4.227843392168705E-01  -5.25E-16       -2.37      1.24
      3   1.845568682661585E+00   1.845568682661584E+00  -2.41E-16       -1.08      0.12
      4   7.536706066440439E+00   7.536706066440445E+00   7.07E-16        3.18      1.67
      5   3.614682434112881E+01   3.614682434112884E+01   7.86E-16        3.54      1.82
      6   2.047341220671123E+02   2.047341220671125E+02   6.94E-16        3.13      1.64
      7   1.348404734450016E+03   1.348404734450016E+03   5.06E-16        2.28      1.19
      8   1.015883315463416E+04   1.015883315463416E+04  -1.79E-16       -0.81      0.31
      9   8.631066533866167E+04   8.631066533866165E+04  -1.69E-16       -0.76      0.40
     10   8.171159889110618E+05   8.171159889110615E+05  -2.85E-16       -1.28      0.36

  Maximum relative error =  -5.40E-08 ********** ulps      27.86 bits at nquad =   10
  Minimum relative error =   0.00E+00       0.00 ulps       0.00 bits at nquad =   10
  Average relative error =   4.91E-09 ********** ulps      24.40 bits

  Done
