  Test integral: int(sin(sigma*x) * x^alpha * exp(-x), x = 0..infinity)

  1 ulp =   1.93E-34

  Floating-point precision appears to be (1 - log2(ulp) =) 113 bits

   nquad     sigma     alpha     Quadrature Result        Exact Integral     Rel. Error RelE (ULPs)  Err (bits)
       1    1.0000    0.0000   8.414709848078965E-01   5.000000000000000E-01  -6.83E-01   -3.55E+33    111.45
       1   -1.0000    1.0000  -9.092974268256817E-01  -5.000000000000000E-01  -8.19E-01   -4.25E+33    111.71

  Maximum relative error =  -8.19E-01  -4.25E+33 ulps     111.71 bits at nquad =    1 sigma =   -1.0000 alpha =    1.0000
  Minimum relative error =  -6.83E-01  -3.55E+33 ulps     111.45 bits at nquad =    1 sigma =    1.0000 alpha =    0.0000
  Average relative error =   7.51E-01   3.90E+33 ulps     111.59 bits

  Done
