  Test integral: int((1+x)^p * (1-x)^alpha * (1+x)^beta * ln((1+x)/2),  x = -1..+1)

  1 ulp =   2.22E-16

  Floating-point precision appears to be (1 - log2(ulp) =) 53 bits

  alpha =   1.000000  beta =   1.000000     nquad =      0

  alpha =  -2.000000  beta =   1.000000     nquad =      1

  alpha =   1.000000  beta =  -2.000000     nquad =      1

  alpha =   1.000000  beta =   1.000000     nquad =  32767

  Done
