experiments
Part I: One pole, n = 100.

Pole is 5.000 + 0.000i
Weight is 1
Maximum error on zeros: 1.387e-15
Maximum error in quadrature sum: 1.288e-14
Weight is 2
Maximum error on zeros: 1.381e-15
Maximum error in quadrature sum: 1.243e-14
Weight is 3
Maximum error on zeros: 2.703e-15
Maximum error in quadrature sum: 1.188e-14

Pole is 0.000 + 5.000i
Weight is 1
Maximum error on zeros: 2.303e-15
Maximum error in quadrature sum: 1.843e-14
Weight is 2
Maximum error on zeros: 2.299e-15
Maximum error in quadrature sum: 1.266e-14
Weight is 3
Maximum error on zeros: 2.279e-15
Maximum error in quadrature sum: 1.599e-14

Pole is 1.001 + 0.000i
Weight is 1
Maximum error on zeros: 8.329e-16
Maximum error in quadrature sum: 6.377e-12
Weight is 2
Maximum error on zeros: 1.691e-15
Maximum error in quadrature sum: 3.863e-12
Weight is 3
Maximum error on zeros: 5.366e-16
Maximum error in quadrature sum: 5.216e-12

Pole is 0.000 + 0.001i
Weight is 1
Maximum error on zeros: 1.375e-14
Maximum error in quadrature sum: 1.331e-12
Weight is 2
Maximum error on zeros: 9.376e-16
Maximum error in quadrature sum: 1.517e-13
Weight is 3
Maximum error on zeros: 5.377e-16
Maximum error in quadrature sum: 8.824e-13

Part II: A few distinct poles, each with multiplicity 100.

Poles are 2.000 + 0.000i, -2.000 + 0.000i, 
Weight is 1
Maximum error on zeros: 2.033e-15
Maximum error in quadrature sum: 2.831e-14
Weight is 2
Maximum error on zeros: 2.131e-15
Maximum error in quadrature sum: 3.431e-14
Weight is 3
Maximum error on zeros: 1.984e-15
Maximum error in quadrature sum: 2.665e-14

Poles are 0.000 + 1.000i, Inf + 0.000i, 
Weight is 1
Maximum error on zeros: 1.325e-15
Maximum error in quadrature sum: 2.531e-14
Weight is 2
Maximum error on zeros: 2.618e-15
Maximum error in quadrature sum: 1.465e-14
Weight is 3
Maximum error on zeros: 2.644e-15
Maximum error in quadrature sum: 2.043e-14

Poles are 1.100 + 0.000i, 0.000 + 0.100i, -1.100 + 0.000i, 
Weight is 1
Maximum error on zeros: 2.797e-15
Maximum error in quadrature sum: 1.159e-13
Weight is 2
Maximum error on zeros: 2.835e-15
Maximum error in quadrature sum: 7.505e-14
Weight is 3
Maximum error on zeros: 3.152e-15
Maximum error in quadrature sum: 6.584e-14

Poles are 1.100 + 0.000i, 0.000 + 0.100i, -1.100 + 0.000i, Inf + 0.000i, 
Weight is 1
Maximum error on zeros: 2.520e-15
Maximum error in quadrature sum: 1.457e-13
Weight is 2
Maximum error on zeros: 2.723e-15
Maximum error in quadrature sum: 1.494e-13
Weight is 3
Maximum error on zeros: 2.709e-15
Maximum error in quadrature sum: 9.814e-14

Part III: All poles distinct.

Poles are at the integer multiples of 0.001i.
Weight is 1
Maximum error on zeros: 3.501e-15
Maximum error in quadrature sum: 2.753e-14
Weight is 2
Maximum error on zeros: 4.295e-15
Maximum error in quadrature sum: 2.998e-14
Weight is 3
Maximum error on zeros: 1.764e-15
Maximum error in quadrature sum: 1.821e-14

Poles are on an ellipse.
Weight is 1
Maximum error on zeros: 6.440e-15
Maximum error in quadrature sum: 7.483e-14
Weight is 2
Maximum error on zeros: 5.667e-15
Maximum error in quadrature sum: 7.527e-14
Weight is 3
Maximum error on zeros: 5.133e-15
Maximum error in quadrature sum: 5.573e-14

Poles are on the horizontal line [-1,1] + i.
Weight is 1
Maximum error on zeros: 4.659e-15
Maximum error in quadrature sum: 4.863e-14
Weight is 2
Maximum error on zeros: 5.971e-15
Maximum error in quadrature sum: 4.086e-14
Weight is 3
Maximum error on zeros: 4.245e-15
Maximum error in quadrature sum: 4.330e-14

Part IV: Poles extremely close to the boundary.

Poles are on the horizontal line [-0.8,0.8] + 1e2*eps*i
Weight is 1
Maximum error on zeros: 2.841e-14
Maximum error in quadrature sum: 1.545e-02
Number of nodes where full accuracy was not reached: 1 (out of 70).
Weight is 2
Maximum error on zeros: 2.721e-15
Maximum error in quadrature sum: 2.484e-02
Number of nodes where full accuracy was not reached: 0 (out of 70).
Weight is 3
Maximum error on zeros: 3.517e-15
Maximum error in quadrature sum: 2.380e-02
Number of nodes where full accuracy was not reached: 0 (out of 70).

Poles are on an ellipse very close to [-1,1]
Weight is 1
Maximum error on zeros: 5.266e-15
Maximum error in quadrature sum: 4.441e-04
Number of nodes where full accuracy was not reached: 0 (out of 201).
Weight is 2
Maximum error on zeros: 1.533e-13
Maximum error in quadrature sum: 1.003e-06
Number of nodes where full accuracy was not reached: 2 (out of 201).
Weight is 3
Maximum error on zeros: 5.326e-14
Maximum error in quadrature sum: 1.002e-06
Number of nodes where full accuracy was not reached: 2 (out of 201).
diary off
