  Test integral: int(sin(sigma*x) * x^alpha * exp(-x), x = 0..infinity)

  1 ulp =   2.22E-16

  Floating-point precision appears to be (1 - log2(ulp) =) 53 bits

   nquad     sigma     alpha     Quadrature Result        Exact Integral     Rel. Error RelE (ULPs)  Err (bits)
       1    1.0000    0.0000   8.414709848078965E-01   4.999999999999999E-01  -6.83E-01   -3.08E+15     51.45
       1   -1.0000    1.0000  -9.092974268256817E-01  -5.000000000000000E-01  -8.19E-01   -3.69E+15     51.71

  Maximum relative error =  -8.19E-01  -3.69E+15 ulps      51.71 bits at nquad =    1 sigma =   -1.0000 alpha =    1.0000
  Minimum relative error =  -6.83E-01  -3.08E+15 ulps      51.45 bits at nquad =    1 sigma =    1.0000 alpha =    0.0000
  Average relative error =   7.51E-01   3.38E+15 ulps      51.59 bits

  Done
