  Test integral: int(exp(-x) * ln(x), x = 0..infinity) = -gamma

  1 ulp =   1.93E-34

  Floating-point precision appears to be (1 - log2(ulp) =) 113 bits

  nquad     Quadrature Result       Exact Integral      Rel. Error RelE (ULPs)  Err (bits)

  Done
