dacos( Infinity ) = NaN 
dasin( Infinity ) = NaN 
datan( Infinity ) = 1.570796326794897E+0000
dcos( Infinity ) = NaN 
dcosh( Infinity ) = Infinity 
dexp( Infinity ) = Infinity 
dlog( Infinity ) = Infinity 
dlog10( Infinity ) = Infinity 
dsin( Infinity ) = NaN 
dsinh( Infinity ) = Infinity 
dsqrt( Infinity ) = Infinity 
dtan( Infinity ) = NaN 
dtanh( Infinity ) = 1.000000000000000E+0000
dacos( NaN ) = NaN 
dasin( NaN ) = NaN 
datan( NaN ) = NaN 
dcos( NaN ) = NaN 
dcosh( NaN ) = NaN 
dexp( NaN ) = NaN 
dlog( NaN ) = NaN 
dlog10( NaN ) = NaN 
dsin( NaN ) = NaN 
dsinh( NaN ) = NaN 
dsqrt( NaN ) = NaN 
dtan( NaN ) = NaN 
dtanh( NaN ) = NaN 
