### Numerical evaluation of ln(Gamma(x))
###
### x = f * 2^p
###
### Line format: 2 f p neval result relerr abserr
###
2                    0.     0 0                                                  Infinity 0 0
2                    1.     0 0   0.0000000000000000000000000000000000000000000000000e-01 0 0
2                    2.     0 0   0.0000000000000000000000000000000000000000000000000e-01 0 0
2                    3.     0 0   6.9314718055994530941723212145817656807550013436026e-01 0 0
2                    4.     0 0   1.7917594692280550008124773583807022727229906921830e+00 0 0
2                  Inf     0 0                                                  Infinity 0 0
2                  NaN     0 0                                                       NaN 0 0
