### Numerical evaluation of psiln(x)
###
### where psiln(x) = psi(x) - ln(x),
### and psi(x) (also called the digamma function)
### is the derivative of ln(Gamma(x)) with respect to x
###
### x = f * 2^p
###
### Line format: 2 f p neval result relerr abserr
###
2                    1.     0 0  -1.2703628454614781700237442115405789991176594703002e+00 0 0
2                    1.     0 0  -5.7721566490153286060651209008240243104215933593992e-01 0 0
2                    2.     0 0  -2.7036284546147817002374421154057899911765947030018e-01 0 0
2                    3.     0 0  -1.7582795356964255200175732700492813568964989376267e-01 0 0
2                    4.     0 0  -1.3017669268809014610764299966542223385982627132710e-01 0 0
2             Infinity      0 0   0.0000000000000000000000000000000000000000000000000e+00 0 0
2             NaN           0 0   NaN 0 0

