### Numerical evaluation of psi(x)
###
### where psi(x) (also called the digamma function)
### is the derivative of ln(Gamma(x)) with respect to x
###
### x = f * 2^p
###
### Line format: 2 f p neval result relerr abserr
###
2          -2147483643.   -31 0  -4.2949672917721565874331584963866871680621946506912e+08 0 0
2           2147483643.   -31 0  -5.7721566873144344264737535781508620782386955295781e-01 0 0
2          -2147483646.   -31 0  -1.0737418235772156624382460559564901095572972637139e+09 0 0
2           2147483646.   -31 0  -5.7721566643349709185893014555723807427793673656116e-01 0 0
2          -2147483646.   -31 0  -1.0737418235772156624382460559564901095572972637139e+09 0 0
2           2147483646.   -31 0  -5.7721566643349709185893014555723807427793673656116e-01 0 0
2          -2147483646.   -31 0  -1.0737418235772156624382460559564901095572972637139e+09 0 0
2           2147483646.   -31 0  -5.7721566643349709185893014555723807427793673656116e-01 0 0
2          -2147483642.   -31 0  -3.5791394091054899084500578104131800165268624920452e+08 0 0
2           2147483642.   -31 0  -5.7721566949742556061947526560274208251419913927086e-01 0 0
