### Numerical evaluation of psi(x)
###
### where psi(x) (also called the digamma function)
### is the derivative of ln(Gamma(x)) with respect to x
###
### x = f * 2^p
###
### Line format: 2 f p neval result relerr abserr
###
2                    0.0       0 0 Infinity                                                   0 0
2                    1.0       0 0  -5.77215664901532860606512090082402431042159335939920e-01 0 0
2                   -1.0       0 0 Infinity                                                   0 0
2                    2.0       0 0   4.22784335098467139393487909917597568957840664060080e-01 0 0
2                   -2.0       0 0 Infinity                                                   0 0
2                    2.0       0 0   9.22784335098467139393487909917597568957840664060080e-01 0 0
2                   -3.0       0 0 Infinity                                                   0 0
2                    2.0       0 0   1.25611766843180047272682124325093090229117399739340e+00 0 0
2                   -4.0       0 0 Infinity                                                   0 0
2                   -1.0     -27 0   1.34217727422784322842753230987525803088888978589600e+08 0 0
2                   -1.0     -57 0   1.44115188075855871422784335098467127979464941135110e+17 0 0
2                   -1.0     113 0 NaN                                                        0 0
2 Inf                          0 0 Infinity                                                   0 0
2 NaN                          0 0 NaN                                                        0 0
