qacos( Infinity ) = NaN 
qasin( Infinity ) = NaN 
qatan( Infinity ) = 1.570796326794897E+0000
qcos( Infinity ) = NaN 
qcosh( Infinity ) = Infinity 
qexp( Infinity ) = Infinity 
qlog( Infinity ) = Infinity 
qlog10( Infinity ) = Infinity 
qsin( Infinity ) = NaN 
qsinh( Infinity ) = Infinity 
qsqrt( Infinity ) = Infinity 
qtan( Infinity ) = NaN 
qtanh( Infinity ) = 1.000000000000000E+0000
qacos( NaN ) = NaN 
qasin( NaN ) = NaN 
qatan( NaN ) = NaN 
qcos( NaN ) = NaN 
qcosh( NaN ) = NaN 
qexp( NaN ) = NaN 
qlog( NaN ) = NaN 
qlog10( NaN ) = NaN 
qsin( NaN ) = NaN 
qsinh( NaN ) = NaN 
qsqrt( NaN ) = NaN 
qtan( NaN ) = NaN 
qtanh( NaN ) = NaN 
