Computed:   1.18973149535723176508575932662800702E+4932   7FFEFFFF FFFFFFFF FFFFFFFF FFFFFFFF
Expected:   1.18973149535723176508575932662800702E+4932   7FFEFFFF FFFFFFFF FFFFFFFF FFFFFFFF
