### Numerical evaluation of sin(x)
###
### x = f * 2^p
###
### Line format: 2 f p neval result relerr abserr
###
2                    0.     0 0   0.0000000000000000000000000000000000000000000000000e-01 0 0
2                    1.     0 0   8.4147098480789650665250232163029899962256306079837e-01 0 0
2                   -1.     0 0  -8.4147098480789650665250232163029899962256306079837e-01 0 0
2                    2.     0 0   9.0929742682568169539601986591174484270225497144789e-01 0 0
2                   -2.     0 0  -9.0929742682568169539601986591174484270225497144789e-01 0 0
2                    3.     0 0   1.4112000805986722210074480280811027984693326425227e-01 0 0
2                   -3.     0 0  -1.4112000805986722210074480280811027984693326425227e-01 0 0
2                    4.     0 0  -7.5680249530792825137263909451182909413591288733647e-01 0 0
2                   -4.     0 0   7.5680249530792825137263909451182909413591288733647e-01 0 0
2 Inf                       0 0 NaN                                                       0 0
2 NaN                       0 0 NaN                                                       0 0
