  Test integral: int(x^p * (1-x)^alpha * (1+x)^beta, x = -1..+1)

  1 ulp =   1.93E-34

  Floating-point precision appears to be (1 - log2(ulp) =) 113 bits

  alpha =   1.0000000000000000  beta =   1.0000000000000000     nquad =      0

  alpha =  -2.0000000000000000  beta =   1.0000000000000000     nquad =      1

  alpha =   1.0000000000000000  beta =  -2.0000000000000000     nquad =      1

  alpha =   1.0000000000000000  beta =   1.0000000000000000     nquad =  32767

  Done
